<p style="text-align: left;">Hello, *|FNAME|*</p><p style="text-align: left;" class="last-child">Welcome to issue #1000</p>